MPLINK 4.35, Linker
Linker Map File - Created Sun Nov 19 10:17:44 2017

                                 Section Info
                  Section       Type    Address   Location Size(Bytes)
                ---------  ---------  ---------  ---------  ---------
                   .org_0       code   0x000000    program   0x0000c8
                   .cinit    romdata   0x000064    program   0x000004
.config_2007_TRABALHO_INTEGRADO.O       code   0x002007    program   0x000002



                              Program Memory Usage 
                               Start         End      
                           ---------   ---------      
                            0x000000    0x000065      
                            0x002007    0x002007      
            103 out of 2183 program addresses used, program memory utilization is 4%



                              Symbols - Sorted by Name
                     Name    Address   Location    Storage File                     
                ---------  ---------  ---------  --------- ---------                
                   AJUSTE   0x00000b    program     static Z:\media\danton\1CEE882EEE87FDF0\Users\Danton\Documents\AOC-II\trabalho integrado\trabalho_integrado.asm
                   ATRASO   0x000018    program     static Z:\media\danton\1CEE882EEE87FDF0\Users\Danton\Documents\AOC-II\trabalho integrado\trabalho_integrado.asm
                  ATRASO1   0x000029    program     static Z:\media\danton\1CEE882EEE87FDF0\Users\Danton\Documents\AOC-II\trabalho integrado\trabalho_integrado.asm
                  ATRASO2   0x00002f    program     static Z:\media\danton\1CEE882EEE87FDF0\Users\Danton\Documents\AOC-II\trabalho integrado\trabalho_integrado.asm
                  ATRASO3   0x000035    program     static Z:\media\danton\1CEE882EEE87FDF0\Users\Danton\Documents\AOC-II\trabalho integrado\trabalho_integrado.asm
                  ATRASO4   0x00003b    program     static Z:\media\danton\1CEE882EEE87FDF0\Users\Danton\Documents\AOC-II\trabalho integrado\trabalho_integrado.asm
        CONTROLE_SEMAFORO   0x00005a    program     static Z:\media\danton\1CEE882EEE87FDF0\Users\Danton\Documents\AOC-II\trabalho integrado\trabalho_integrado.asm
                FIM_CICLO   0x00005a    program     static Z:\media\danton\1CEE882EEE87FDF0\Users\Danton\Documents\AOC-II\trabalho integrado\trabalho_integrado.asm
                   INICIO   0x00005b    program     static Z:\media\danton\1CEE882EEE87FDF0\Users\Danton\Documents\AOC-II\trabalho integrado\trabalho_integrado.asm
                   REPETE   0x000062    program     static Z:\media\danton\1CEE882EEE87FDF0\Users\Danton\Documents\AOC-II\trabalho integrado\trabalho_integrado.asm
            S1GREEN_S2RED   0x00004c    program     static Z:\media\danton\1CEE882EEE87FDF0\Users\Danton\Documents\AOC-II\trabalho integrado\trabalho_integrado.asm
            S1RED_S2GREEN   0x00003e    program     static Z:\media\danton\1CEE882EEE87FDF0\Users\Danton\Documents\AOC-II\trabalho integrado\trabalho_integrado.asm
           S1RED_S2YELLOW   0x000045    program     static Z:\media\danton\1CEE882EEE87FDF0\Users\Danton\Documents\AOC-II\trabalho integrado\trabalho_integrado.asm
           S1YELLOW_S2RED   0x000053    program     static Z:\media\danton\1CEE882EEE87FDF0\Users\Danton\Documents\AOC-II\trabalho integrado\trabalho_integrado.asm



                              Symbols - Sorted by Address
                     Name    Address   Location    Storage File                     
                ---------  ---------  ---------  --------- ---------                
                   AJUSTE   0x00000b    program     static Z:\media\danton\1CEE882EEE87FDF0\Users\Danton\Documents\AOC-II\trabalho integrado\trabalho_integrado.asm
                   ATRASO   0x000018    program     static Z:\media\danton\1CEE882EEE87FDF0\Users\Danton\Documents\AOC-II\trabalho integrado\trabalho_integrado.asm
                  ATRASO1   0x000029    program     static Z:\media\danton\1CEE882EEE87FDF0\Users\Danton\Documents\AOC-II\trabalho integrado\trabalho_integrado.asm
                  ATRASO2   0x00002f    program     static Z:\media\danton\1CEE882EEE87FDF0\Users\Danton\Documents\AOC-II\trabalho integrado\trabalho_integrado.asm
                  ATRASO3   0x000035    program     static Z:\media\danton\1CEE882EEE87FDF0\Users\Danton\Documents\AOC-II\trabalho integrado\trabalho_integrado.asm
                  ATRASO4   0x00003b    program     static Z:\media\danton\1CEE882EEE87FDF0\Users\Danton\Documents\AOC-II\trabalho integrado\trabalho_integrado.asm
            S1RED_S2GREEN   0x00003e    program     static Z:\media\danton\1CEE882EEE87FDF0\Users\Danton\Documents\AOC-II\trabalho integrado\trabalho_integrado.asm
           S1RED_S2YELLOW   0x000045    program     static Z:\media\danton\1CEE882EEE87FDF0\Users\Danton\Documents\AOC-II\trabalho integrado\trabalho_integrado.asm
            S1GREEN_S2RED   0x00004c    program     static Z:\media\danton\1CEE882EEE87FDF0\Users\Danton\Documents\AOC-II\trabalho integrado\trabalho_integrado.asm
           S1YELLOW_S2RED   0x000053    program     static Z:\media\danton\1CEE882EEE87FDF0\Users\Danton\Documents\AOC-II\trabalho integrado\trabalho_integrado.asm
        CONTROLE_SEMAFORO   0x00005a    program     static Z:\media\danton\1CEE882EEE87FDF0\Users\Danton\Documents\AOC-II\trabalho integrado\trabalho_integrado.asm
                FIM_CICLO   0x00005a    program     static Z:\media\danton\1CEE882EEE87FDF0\Users\Danton\Documents\AOC-II\trabalho integrado\trabalho_integrado.asm
                   INICIO   0x00005b    program     static Z:\media\danton\1CEE882EEE87FDF0\Users\Danton\Documents\AOC-II\trabalho integrado\trabalho_integrado.asm
                   REPETE   0x000062    program     static Z:\media\danton\1CEE882EEE87FDF0\Users\Danton\Documents\AOC-II\trabalho integrado\trabalho_integrado.asm


