MPLINK 4.35, Linker
Linker Map File - Created Mon Nov 20 16:54:33 2017

                                 Section Info
                  Section       Type    Address   Location Size(Bytes)
                ---------  ---------  ---------  ---------  ---------
                   .org_0       code   0x000000    program   0x0000e0
                   .cinit    romdata   0x000070    program   0x000004
.config_2007_TRABALHO_INTEGRADO.O       code   0x002007    program   0x000002



                              Program Memory Usage 
                               Start         End      
                           ---------   ---------      
                            0x000000    0x000071      
                            0x002007    0x002007      
            115 out of 2183 program addresses used, program memory utilization is 5%



                              Symbols - Sorted by Name
                     Name    Address   Location    Storage File                     
                ---------  ---------  ---------  --------- ---------                
                   ATRASO   0x000013    program     static Z:\media\danton\1CEE882EEE87FDF0\Users\Danton\Documents\AOC-II\trabalho integrado\trabalho_integrado.asm
                  ATRASO1   0x00001a    program     static Z:\media\danton\1CEE882EEE87FDF0\Users\Danton\Documents\AOC-II\trabalho integrado\trabalho_integrado.asm
                  ATRASO2   0x000022    program     static Z:\media\danton\1CEE882EEE87FDF0\Users\Danton\Documents\AOC-II\trabalho integrado\trabalho_integrado.asm
                  ATRASO3   0x000029    program     static Z:\media\danton\1CEE882EEE87FDF0\Users\Danton\Documents\AOC-II\trabalho integrado\trabalho_integrado.asm
                 ATRASO_3   0x000030    program     static Z:\media\danton\1CEE882EEE87FDF0\Users\Danton\Documents\AOC-II\trabalho integrado\trabalho_integrado.asm
             ATRASO_3_SEG   0x00002e    program     static Z:\media\danton\1CEE882EEE87FDF0\Users\Danton\Documents\AOC-II\trabalho integrado\trabalho_integrado.asm
                 ATRASO_4   0x000036    program     static Z:\media\danton\1CEE882EEE87FDF0\Users\Danton\Documents\AOC-II\trabalho integrado\trabalho_integrado.asm
             ATRASO_4_SEG   0x000034    program     static Z:\media\danton\1CEE882EEE87FDF0\Users\Danton\Documents\AOC-II\trabalho integrado\trabalho_integrado.asm
                 ATRASO_7   0x00003c    program     static Z:\media\danton\1CEE882EEE87FDF0\Users\Danton\Documents\AOC-II\trabalho integrado\trabalho_integrado.asm
             ATRASO_7_SEG   0x00003a    program     static Z:\media\danton\1CEE882EEE87FDF0\Users\Danton\Documents\AOC-II\trabalho integrado\trabalho_integrado.asm
               BOTAO_PRES   0x000040    program     static Z:\media\danton\1CEE882EEE87FDF0\Users\Danton\Documents\AOC-II\trabalho integrado\trabalho_integrado.asm
              BOTAO_PRES1   0x000043    program     static Z:\media\danton\1CEE882EEE87FDF0\Users\Danton\Documents\AOC-II\trabalho integrado\trabalho_integrado.asm
                    CICLO   0x000011    program     static Z:\media\danton\1CEE882EEE87FDF0\Users\Danton\Documents\AOC-II\trabalho integrado\trabalho_integrado.asm
         ESTADOS_MAQUINAS   0x000046    program     static Z:\media\danton\1CEE882EEE87FDF0\Users\Danton\Documents\AOC-II\trabalho integrado\trabalho_integrado.asm
       ESTADOS_MAQUINAS_2   0x00005b    program     static Z:\media\danton\1CEE882EEE87FDF0\Users\Danton\Documents\AOC-II\trabalho integrado\trabalho_integrado.asm
                   INICIO   0x000007    program     static Z:\media\danton\1CEE882EEE87FDF0\Users\Danton\Documents\AOC-II\trabalho integrado\trabalho_integrado.asm
   RETORNO_BOTAO_VERMELHO   0x00005f    program     static Z:\media\danton\1CEE882EEE87FDF0\Users\Danton\Documents\AOC-II\trabalho integrado\trabalho_integrado.asm
     RETORNO_DE_ESTADOS_2   0x00004c    program     static Z:\media\danton\1CEE882EEE87FDF0\Users\Danton\Documents\AOC-II\trabalho integrado\trabalho_integrado.asm



                              Symbols - Sorted by Address
                     Name    Address   Location    Storage File                     
                ---------  ---------  ---------  --------- ---------                
                   INICIO   0x000007    program     static Z:\media\danton\1CEE882EEE87FDF0\Users\Danton\Documents\AOC-II\trabalho integrado\trabalho_integrado.asm
                    CICLO   0x000011    program     static Z:\media\danton\1CEE882EEE87FDF0\Users\Danton\Documents\AOC-II\trabalho integrado\trabalho_integrado.asm
                   ATRASO   0x000013    program     static Z:\media\danton\1CEE882EEE87FDF0\Users\Danton\Documents\AOC-II\trabalho integrado\trabalho_integrado.asm
                  ATRASO1   0x00001a    program     static Z:\media\danton\1CEE882EEE87FDF0\Users\Danton\Documents\AOC-II\trabalho integrado\trabalho_integrado.asm
                  ATRASO2   0x000022    program     static Z:\media\danton\1CEE882EEE87FDF0\Users\Danton\Documents\AOC-II\trabalho integrado\trabalho_integrado.asm
                  ATRASO3   0x000029    program     static Z:\media\danton\1CEE882EEE87FDF0\Users\Danton\Documents\AOC-II\trabalho integrado\trabalho_integrado.asm
             ATRASO_3_SEG   0x00002e    program     static Z:\media\danton\1CEE882EEE87FDF0\Users\Danton\Documents\AOC-II\trabalho integrado\trabalho_integrado.asm
                 ATRASO_3   0x000030    program     static Z:\media\danton\1CEE882EEE87FDF0\Users\Danton\Documents\AOC-II\trabalho integrado\trabalho_integrado.asm
             ATRASO_4_SEG   0x000034    program     static Z:\media\danton\1CEE882EEE87FDF0\Users\Danton\Documents\AOC-II\trabalho integrado\trabalho_integrado.asm
                 ATRASO_4   0x000036    program     static Z:\media\danton\1CEE882EEE87FDF0\Users\Danton\Documents\AOC-II\trabalho integrado\trabalho_integrado.asm
             ATRASO_7_SEG   0x00003a    program     static Z:\media\danton\1CEE882EEE87FDF0\Users\Danton\Documents\AOC-II\trabalho integrado\trabalho_integrado.asm
                 ATRASO_7   0x00003c    program     static Z:\media\danton\1CEE882EEE87FDF0\Users\Danton\Documents\AOC-II\trabalho integrado\trabalho_integrado.asm
               BOTAO_PRES   0x000040    program     static Z:\media\danton\1CEE882EEE87FDF0\Users\Danton\Documents\AOC-II\trabalho integrado\trabalho_integrado.asm
              BOTAO_PRES1   0x000043    program     static Z:\media\danton\1CEE882EEE87FDF0\Users\Danton\Documents\AOC-II\trabalho integrado\trabalho_integrado.asm
         ESTADOS_MAQUINAS   0x000046    program     static Z:\media\danton\1CEE882EEE87FDF0\Users\Danton\Documents\AOC-II\trabalho integrado\trabalho_integrado.asm
     RETORNO_DE_ESTADOS_2   0x00004c    program     static Z:\media\danton\1CEE882EEE87FDF0\Users\Danton\Documents\AOC-II\trabalho integrado\trabalho_integrado.asm
       ESTADOS_MAQUINAS_2   0x00005b    program     static Z:\media\danton\1CEE882EEE87FDF0\Users\Danton\Documents\AOC-II\trabalho integrado\trabalho_integrado.asm
   RETORNO_BOTAO_VERMELHO   0x00005f    program     static Z:\media\danton\1CEE882EEE87FDF0\Users\Danton\Documents\AOC-II\trabalho integrado\trabalho_integrado.asm


